02/11/2024 21:18 [INFO] Отримання списку сімей
02/11/2024 21:18 [INFO] Присвоєння списку сімей даних прочитаних з файла
02/11/2024 21:18 [INFO] Отримання списку сімей
02/11/2024 21:18 [INFO] Отримання списку сімей
02/11/2024 21:18 [INFO] Отримання списку сімей
02/11/2024 21:18 [INFO] Отримання списку сімей
02/11/2024 21:18 [INFO] Отримання списку сімей
02/11/2024 21:18 [INFO] Отримання списку сімей
02/11/2024 21:18 [INFO] Отримання списку сімей
02/11/2024 21:18 [INFO] Отримання списку сімей
02/11/2024 21:19 [INFO] Отримання списку сімей
02/11/2024 21:19 [INFO] Видалення сім'ї зі списку за об'єктом class Family{ mother=Woman{name= Анні,surname= Іванова,birthDate= 01/03/1989,iq= 0,schedule =[[Понеділок, null], [Вівторок, null], [Середа, null], [Четвер, null], [П'ятниця, null], [Субота, null], [Неділя, null]]},father=Man{name= Іван,surname= Іванов,birthDate= 01/04/1989,iq= 0,schedule =[[Понеділок, null], [Вівторок, null], [Середа, null], [Четвер, null], [П'ятниця, null], [Субота, null], [Неділя, null]]}, children=Woman{name= Аня,surname= Іванова,birthDate= 02/11/2024,iq= 0,schedule =[[Понеділок, null], [Вівторок, null], [Середа, null], [Четвер, null], [П'ятниця, null], [Субота, null], [Неділя, null]]}, pets=[DOG{ nickname= Рекс, age= 0, tricklevel= 0, habits= none, canFly= false, numberOfLegs= 4, hasFur= true }, UNKNOWN{ nickname= Багіра, age= 0, tricklevel= 0, habits= none, canFly= false, numberOfLegs= 0, hasFur= false }, DOG{ nickname= Пальма, age= 0, tricklevel= 0, habits= none, canFly= false, numberOfLegs= 4, hasFur= true }]}
02/11/2024 21:19 [INFO] Видалення сім'ї зі списку зі індексом 0
02/11/2024 21:19 [INFO] Отримання списку сімей
02/11/2024 21:19 [INFO] Отримання сім'ї за індексом 0
02/11/2024 21:19 [INFO] Отримання списку сімей
02/11/2024 21:19 [INFO] Отримання списку сімей
02/11/2024 21:19 [INFO] Отримання списку сімей
02/11/2024 21:19 [INFO] Отримання списку сімей
02/11/2024 21:19 [INFO] Отримання списку сімей
02/11/2024 21:19 [INFO] Отримання списку сімей
02/11/2024 21:19 [INFO] Отримання списку сімей
02/11/2024 21:20 [INFO] Отримання списку сімей
02/11/2024 21:20 [INFO] Присвоєння списку сімей даних прочитаних з файла
02/11/2024 21:20 [INFO] Отримання списку сімей
02/11/2024 21:20 [INFO] Отримання списку сімей
02/11/2024 21:20 [INFO] Отримання списку сімей
02/11/2024 21:20 [INFO] Отримання списку сімей
02/11/2024 21:20 [INFO] Отримання списку сімей
02/11/2024 21:20 [INFO] Отримання списку сімей
02/11/2024 21:20 [INFO] Отримання списку сімей
02/11/2024 21:20 [INFO] Отримання списку сімей
02/11/2024 21:20 [INFO] Присвоєння списку сімей даних прочитаних з файла
02/11/2024 21:21 [INFO] Отримання списку сімей
02/11/2024 21:21 [INFO] Видалення сім'ї зі списку за об'єктом class Family{ mother=Woman{name= Анні,surname= Іванова,birthDate= 01/03/1989,iq= 0,schedule =[[Понеділок, null], [Вівторок, null], [Середа, null], [Четвер, null], [П'ятниця, null], [Субота, null], [Неділя, null]]},father=Man{name= Іван,surname= Іванов,birthDate= 01/04/1989,iq= 0,schedule =[[Понеділок, null], [Вівторок, null], [Середа, null], [Четвер, null], [П'ятниця, null], [Субота, null], [Неділя, null]]}, children=Woman{name= Аня,surname= Іванова,birthDate= 02/11/2024,iq= 0,schedule =[[Понеділок, null], [Вівторок, null], [Середа, null], [Четвер, null], [П'ятниця, null], [Субота, null], [Неділя, null]]}, pets=[DOG{ nickname= Рекс, age= 0, tricklevel= 0, habits= none, canFly= false, numberOfLegs= 4, hasFur= true }, UNKNOWN{ nickname= Багіра, age= 0, tricklevel= 0, habits= none, canFly= false, numberOfLegs= 0, hasFur= false }, DOG{ nickname= Пальма, age= 0, tricklevel= 0, habits= none, canFly= false, numberOfLegs= 4, hasFur= true }]}
02/11/2024 21:21 [INFO] Видалення сім'ї зі списку зі індексом 0
02/11/2024 21:21 [INFO] Отримання списку сімей
02/11/2024 21:21 [INFO] Отримання списку сімей
02/11/2024 21:21 [INFO] Отримання списку сімей
02/11/2024 21:21 [INFO] Отримання списку сімей
02/11/2024 21:21 [INFO] Отримання списку сімей
02/11/2024 21:21 [INFO] Отримання списку сімей
02/11/2024 21:21 [INFO] Отримання списку сімей
02/11/2024 21:22 [INFO] Отримання списку сімей
02/11/2024 21:22 [INFO] Присвоєння списку сімей даних прочитаних з файла
02/11/2024 21:22 [INFO] Отримання списку сімей
02/11/2024 21:25 [INFO] Отримання списку сімей
02/11/2024 21:25 [INFO] Присвоєння списку сімей даних прочитаних з файла
02/11/2024 21:25 [INFO] Отримання списку сімей
02/11/2024 21:25 [INFO] Отримання списку сімей
02/11/2024 21:25 [INFO] Отримання списку сімей
02/11/2024 21:25 [INFO] Отримання списку сімей
02/11/2024 21:25 [INFO] Отримання списку сімей
02/11/2024 21:25 [INFO] Отримання списку сімей
02/11/2024 21:25 [INFO] Отримання списку сімей
02/11/2024 21:25 [INFO] Отримання списку сімей
02/11/2024 21:25 [INFO] Отримання списку сімей
02/11/2024 21:27 [INFO] Отримання списку сімей
02/11/2024 21:27 [INFO] Присвоєння списку сімей даних прочитаних з файла
02/11/2024 21:27 [INFO] Отримання списку сімей
02/11/2024 21:38 [INFO] Отримання списку сімей
02/11/2024 21:38 [INFO] Присвоєння списку сімей даних прочитаних з файла
02/11/2024 21:38 [INFO] Отримання списку сімей
02/11/2024 21:38 [ERROR] Сім'я за індексом 7 відсутня в списку сімей.Видалення не відбулося
02/11/2024 21:38 [INFO] Отримання списку сімей
02/11/2024 21:38 [INFO] Отримання сім'ї за індексом 0
02/11/2024 21:39 [INFO] Отримання списку сімей
02/11/2024 21:39 [INFO] Присвоєння списку сімей даних прочитаних з файла
02/11/2024 21:39 [INFO] Отримання списку сімей
02/11/2024 21:40 [INFO] Отримання сім'ї за індексом 0
02/11/2024 21:40 [INFO] Отримання списку сімей
02/11/2024 21:40 [INFO] Отримання сім'ї за індексом 0
